[hously.archielite.com/index.html]
[hously.archielite.com/storage/fonts/c400448bc5/sleaguespartanv11kjeqbuew6a0lliav-m88ja5twvz-lzmxd4zhojo.woff2]
[backblue.gif]
[fade.gif]
[index.html]
[hously.archielite.com/storage/general/favicon.png]
[hously.archielite.com/vendor/core/plugins/language/css/language-publicd1f1.css]
[hously.archielite.com/vendor/core/plugins/cookie-consent/css/cookie-consent0ff5.css]
[hously.archielite.com/vendor/core/core/base/libraries/ckeditor/content-styles.css]
[hously.archielite.com/themes/hously/plugins/tobii/css/tobii.min.css]
[hously.archielite.com/themes/hously/plugins/choices.js/css/choices.min.css]
[hously.archielite.com/themes/hously/css/icons.css]
[hously.archielite.com/themes/hously/plugins/tiny-slider/tiny-slider.css]
[hously.archielite.com/themes/hously/css/style7c12.css]
[hously.archielite.com/ar.html]
[hously.archielite.com/feed/posts]
[hously.archielite.com/ar/feed/posts]
[hously.archielite.com/storage/general/logo-dark.png]
[hously.archielite.com/storage/general/logo-light.png]
[hously.archielite.com/vendor/core/core/base/img/flags/us.svg]
[hously.archielite.com/vendor/core/core/base/img/flags/sa.svg]
[hously.archielite.com/login.html]
[hously.archielite.com/home-four.html]
[hously.archielite.com/home-three.html]
[hously.archielite.com/home-two.html]
[hously.archielite.com/projects.html]
[hously.archielite.com/projects/walnut-park-apartments.html]
[hously.archielite.com/properties.html]
[hously.archielite.com/properties/3-beds-villa-calpe-alicante.html]
[hously.archielite.com/page]
[hously.archielite.com/pricing-plans.html]
[hously.archielite.com/special]
[hously.archielite.com/coming-soon.html]
[hously.archielite.com/404]
[hously.archielite.com/utility]
[hously.archielite.com/terms-of-services.html]
[hously.archielite.com/privacy-policy.html]
[hously.archielite.com/auth-pages]
[hously.archielite.com/register.html]
[hously.archielite.com/password/request.html]
[hously.archielite.com/contact.html]
[hously.archielite.com/frequently-asked-questions.html]
[hously.archielite.com/features.html]
[hously.archielite.com/about-us.html]
[hously.archielite.com/wishlist.html]
[hously.archielite.com/agents.html]
[hously.archielite.com/ajax/cities]
[hously.archielite.com/storage/general/about.jpg]
[hously.archielite.com/properties/city/berlin.html]
[hously.archielite.com/storage/cities/location-5-600x400.jpg]
[hously.archielite.com/properties/city/copenhagen.html]
[hously.archielite.com/storage/cities/location-4-600x400.jpg]
[hously.archielite.com/properties/city/london.html]
[hously.archielite.com/storage/cities/location-2-600x400.jpg]
[hously.archielite.com/properties/city/new-york.html]
[hously.archielite.com/storage/cities/location-3-600x400.jpg]
[hously.archielite.com/properties/city/paris.html]
[hously.archielite.com/storage/cities/location-1-600x400.jpg]
[hously.archielite.com/projects/rustomjee-evershine-global-city.html]
[hously.archielite.com/storage/properties/2-600x400.jpg]
[hously.archielite.com/storage/properties/3-600x400.jpg]
[hously.archielite.com/projects/godrej-prime.html]
[hously.archielite.com/projects/upturn-atmiya-centria.html]
[hously.archielite.com/projects/brigade-oasis.html]
[hously.archielite.com/storage/properties/9-600x400.jpg]
[hously.archielite.com/projects/sunshine-wonder-villas.html]
[hously.archielite.com/storage/properties/1-600x400.jpg]
[hously.archielite.com/projects/diamond-island.html]
[hously.archielite.com/properties/the-sun-avenue-office-tel-1-bedroom.html]
[hously.archielite.com/storage/properties/7-600x400.jpg]
[hously.archielite.com/properties/property-for-sale-johannesburg-south-africa.html]
[hously.archielite.com/storage/properties/8-600x400.jpg]
[hously.archielite.com/properties/villa-for-sale-at-bermuda-dunes.html]
[hously.archielite.com/storage/properties/6-600x400.jpg]
[hously.archielite.com/properties/walnut-park-apartment.html]
[hously.archielite.com/storage/properties/10-600x400.jpg]
[hously.archielite.com/properties/5-beds-luxury-house.html]
[hously.archielite.com/storage/properties/11-600x400.jpg]
[hously.archielite.com/properties/family-victorian-view-home.html]
[hously.archielite.com/storage/clients/01.jpg]
[hously.archielite.com/storage/clients/02.jpg]
[hously.archielite.com/storage/clients/03.jpg]
[hously.archielite.com/storage/clients/04.jpg]
[hously.archielite.com/storage/clients/05.jpg]
[hously.archielite.com/storage/clients/06.jpg]
[hously.archielite.com/agents/leland.html]
[hously.archielite.com/storage/accounts/6-600x400.jpg]
[hously.archielite.com/cdn-cgi/l/email-protection.html]
[hously.archielite.com/agents/mireya.html]
[hously.archielite.com/storage/accounts/5-600x400.jpg]
[hously.archielite.com/agents/kenna.html]
[hously.archielite.com/storage/accounts/3-600x400.jpg]
[hously.archielite.com/agents/magdalen.html]
[hously.archielite.com/storage/accounts/9-600x400.jpg]
[hously.archielite.com/agents/maritza.html]
[hously.archielite.com/storage/accounts/1-600x400.jpg]
[hously.archielite.com/agents/lane.html]
[hously.archielite.com/news/sexy-clutches-how-to-buy-wear-a-designer-clutch-bag.html]
[hously.archielite.com/storage/news/16-600x400.jpg]
[hously.archielite.com/news/design.html]
[hously.archielite.com/news/are-you-still-using-that-slow-old-typewriter.html]
[hously.archielite.com/storage/news/8-600x400.jpg]
[hously.archielite.com/news/used-car-dealer-sales-tricks-exposed.html]
[hously.archielite.com/storage/news/4-600x400.jpg]
[hously.archielite.com/news/travel-tips.html]
[hously.archielite.com/news.html]
[hously.archielite.com/cdn-cgi/scripts/5c5dd728/cloudflare-static/email-decode.min.js]
[hously.archielite.com/themes/hously/plugins/jquery/jquery.min.js]
[hously.archielite.com/themes/hously/plugins/tobii/js/tobii.min.js]
[hously.archielite.com/themes/hously/plugins/choices.js/js/choices.min.js]
[hously.archielite.com/themes/hously/plugins/feather-icons/feather.min.js]
[hously.archielite.com/themes/hously/plugins/easy_background.js]
[hously.archielite.com/themes/hously/plugins/tiny-slider/tiny-slider.js]
[hously.archielite.com/themes/hously/js/wishlist.js]
[hously.archielite.com/vendor/core/core/js-validation/js/js-validationf700.js]
[hously.archielite.com/vendor/core/plugins/language/js/language-publicd1f1.js]
[hously.archielite.com/vendor/core/plugins/cookie-consent/js/cookie-consent0ff5.js]
[hously.archielite.com/themes/hously/js/app7c12.js]
[hously.archielite.com/themes/hously/js/script7c12.js]
[hously.archielite.com/index.html]
[schema.org/index.html]
[maps.google.com/index.html]
[www.googletagmanager.com/index.html]
[hously.archielite.com/ar/login.html]
[hously.archielite.com/ar/home-four.html]
[hously.archielite.com/ar/home-three.html]
[hously.archielite.com/ar/home-two.html]
[hously.archielite.com/ar/projects.html]
[hously.archielite.com/ar/projects/walnut-park-apartments.html]
[hously.archielite.com/ar/properties.html]
[hously.archielite.com/ar/properties/3-beds-villa-calpe-alicante.html]
[hously.archielite.com/ar/page]
[hously.archielite.com/ar/pricing-plans.html]
[hously.archielite.com/ar/special]
[hously.archielite.com/ar/coming-soon.html]
[hously.archielite.com/ar/404]
[hously.archielite.com/ar/utility]
[hously.archielite.com/ar/terms-of-services.html]
[hously.archielite.com/ar/privacy-policy.html]
[hously.archielite.com/ar/auth-pages]
[hously.archielite.com/ar/register.html]
[hously.archielite.com/ar/password/request.html]
[hously.archielite.com/ar/contact.html]
[hously.archielite.com/ar/frequently-asked-questions.html]
[hously.archielite.com/ar/features.html]
[hously.archielite.com/ar/about-us.html]
[hously.archielite.com/ar/wishlist.html]
[hously.archielite.com/ar/agents.html]
[hously.archielite.com/ar/ajax/cities]
[hously.archielite.com/ar/properties/city/berlin.html]
[hously.archielite.com/ar/properties/city/copenhagen.html]
[hously.archielite.com/ar/properties/city/london.html]
[hously.archielite.com/ar/properties/city/new-york.html]
[hously.archielite.com/ar/properties/city/paris.html]
[hously.archielite.com/ar/projects/rustomjee-evershine-global-city.html]
[hously.archielite.com/ar/projects/godrej-prime.html]
[hously.archielite.com/ar/projects/upturn-atmiya-centria.html]
[hously.archielite.com/ar/projects/brigade-oasis.html]
[hously.archielite.com/ar/projects/sunshine-wonder-villas.html]
[hously.archielite.com/ar/projects/diamond-island.html]
[hously.archielite.com/ar/properties/the-sun-avenue-office-tel-1-bedroom.html]
[hously.archielite.com/ar/properties/property-for-sale-johannesburg-south-africa.html]
[hously.archielite.com/ar/properties/villa-for-sale-at-bermuda-dunes.html]
[hously.archielite.com/ar/properties/walnut-park-apartment.html]
[hously.archielite.com/ar/properties/5-beds-luxury-house.html]
[hously.archielite.com/ar/properties/family-victorian-view-home.html]
[hously.archielite.com/ar/agents/leland.html]
[hously.archielite.com/ar/agents/mireya.html]
[hously.archielite.com/ar/agents/kenna.html]
[hously.archielite.com/ar/agents/magdalen.html]
[hously.archielite.com/ar/agents/maritza.html]
[hously.archielite.com/ar/agents/lane.html]
[hously.archielite.com/ar/news/sexy-clutches-how-to-buy-wear-a-designer-clutch-bag.html]
[hously.archielite.com/ar/news/design.html]
[hously.archielite.com/ar/news/are-you-still-using-that-slow-old-typewriter.html]
[hously.archielite.com/ar/news/used-car-dealer-sales-tricks-exposed.html]
[hously.archielite.com/ar/news/travel-tips.html]
[hously.archielite.com/ar/news.html]
[hously.archielite.com/ar.html]
[hously.archielite.com/storage/fonts/c400448bc5/sleaguespartanv11kjeqbuew6a0lliav-m88ja5twvzwlzmxd4zh.woff2]
[hously.archielite.com/vendor/core/plugins/real-estate/css/front-auth.css]
[hously.archielite.com/storage/general/logo-authentication-page.png]
[hously.archielite.com/storage/backgrounds/01.jpg]
[hously.archielite.com/themes/hously/plugins/particles.js/particles.js]
[hously.archielite.com/login.html]
[hously.archielite.com/storage/backgrounds/hero.jpg]
[hously.archielite.com/properties/private-estate-magnificent-views.html]
[hously.archielite.com/properties/elegant-family-home-presents-premium-modern-living.html]
[hously.archielite.com/properties/5-room-luxury-penthouse-for-sale-in-kuala-lumpur.html]
[hously.archielite.com/storage/properties/5-600x400.jpg]
[hously.archielite.com/home-four.html]
[hously.archielite.com/themes/hously/plugins/leaflet/leaflet.css]
[hously.archielite.com/storage/backgrounds/map.png]
[hously.archielite.com/property-category/apartment.html]
[hously.archielite.com/property-category/house.html]
[hously.archielite.com/property-category/condo.html]
[hously.archielite.com/property-category/commercial-property.html]
[hously.archielite.com/property-category/land.html]
[hously.archielite.com/storage/accounts/2-600x600.jpg]
[hously.archielite.com/storage/accounts/4-600x600.jpg]
[hously.archielite.com/storage/accounts/9-600x600.jpg]
[hously.archielite.com/storage/accounts/6-600x600.jpg]
[hously.archielite.com/themes/hously/plugins/leaflet/leaflet.js]
[hously.archielite.com/home-three.html]
[hously.archielite.com/themes/hously/plugins/leaflet/leaflet.markercluster-src.js]
[hously.archielite.com/storage/clients/amazon.png]
[hously.archielite.com/storage/clients/google.png]
[hously.archielite.com/storage/clients/lenovo.png]
[hously.archielite.com/storage/clients/paypal.png]
[hously.archielite.com/storage/clients/shopify.png]
[hously.archielite.com/storage/clients/spotify.png]
[hously.archielite.com/home-two.html]
[hously.archielite.com/themes/hously/css/style.css]
[hously.archielite.com/projects/ps-panache.html]
[hously.archielite.com/projects/godrej-exquisite.html]
[hously.archielite.com/projects/adarsh-greens.html]
[hously.archielite.com/projects/home-in-merrick-way.html]
[hously.archielite.com/projects/office-space-at-northwest-107th.html]
[hously.archielite.com/projects/villa-on-hollywood-boulevard.html]
[hously.archielite.com/storage/properties/12-600x400.jpg]
[hously.archielite.com/projects/traditional-food-restaurant.html]
[hously.archielite.com/projects4658.html]
[hously.archielite.com/projects.html]
[hously.archielite.com/themes/hously/js/filter.js]
[hously.archielite.com/vendor/core/plugins/real-estate/libraries/star-rating/star-rating.min.css]
[hously.archielite.com/storage/properties/7.jpg]
[hously.archielite.com/storage/properties/9.jpg]
[hously.archielite.com/storage/properties/12.jpg]
[hously.archielite.com/storage/properties/4.jpg]
[hously.archielite.com/storage/properties/11.jpg]
[hously.archielite.com/storage/properties/10.jpg]
[hously.archielite.com/storage/properties/1.jpg]
[hously.archielite.com/storage/properties/2.jpg]
[hously.archielite.com/storage/properties/7-150x150.jpg]
[hously.archielite.com/vendor/core/plugins/real-estate/libraries/star-rating/star-rating.min.js]
[hously.archielite.com/vendor/core/plugins/real-estate/js/front-review.js]
[hously.archielite.com/projects/walnut-park-apartments.html]
[hously.archielite.com/properties/pumpkin-key-private-island.html]
[hously.archielite.com/properties/nice-apartment-for-rent-in-berlin.html]
[hously.archielite.com/properties/apartment-muiderstraatweg-in-diemen.html]
[hously.archielite.com/properties/osaka-heights-apartment.html]
[hously.archielite.com/properties/2-floor-house-in-compound-pejaten-barat-kemang.html]
[hously.archielite.com/properties/luxury-apartments-in-singapore-for-sale.html]
[hously.archielite.com/properties/brand-new-1-bedroom-apartment-in-first-class-location.html]
[hously.archielite.com/properties/thompson-road-house-for-rent.html]
[hously.archielite.com/properties4658.html]
[hously.archielite.com/properties.html]
[hously.archielite.com/storage/properties/8.jpg]
[hously.archielite.com/storage/accounts/1-150x150.jpg]
[hously.archielite.com/properties/vinhomes-grand-park-studio-1-bedroom.html]
[hously.archielite.com/storage/properties/4-600x400.jpg]
[hously.archielite.com/properties/stunning-french-inspired-manor.html]
[hously.archielite.com/properties/3-beds-villa-calpe-alicante.html]
[hously.archielite.com/page.html]
[hously.archielite.com/pricing-plans.html]
[hously.archielite.com/special.html]
[hously.archielite.com/coming-soon.html]
[hously.archielite.com/404.html]
[hously.archielite.com/utility.html]
[hously.archielite.com/terms-of-services.html]
[hously.archielite.com/privacy-policy.html]
[hously.archielite.com/auth-pages.html]
[hously.archielite.com/register.html]
[hously.archielite.com/password/request.html]
[hously.archielite.com/vendor/core/plugins/contact/css/contact-publice209.css]
[hously.archielite.com/themes/hously/images/svg/contact.svg]
[hously.archielite.com/contact.html]
[hously.archielite.com/vendor/core/plugins/contact/js/contact-publice209.js]
[hously.archielite.com/themes/hously/plugins/gumshoejs/gumshoe.polyfills.min.js]
[hously.archielite.com/frequently-asked-questions.html]
[hously.archielite.com/features.html]
[hously.archielite.com/about-us.html]
[hously.archielite.com/wishlist.html]
[hously.archielite.com/agents/broderick.html]
[hously.archielite.com/agents/dangelo.html]
[hously.archielite.com/storage/accounts/4-600x400.jpg]
[hously.archielite.com/agents/corrine.html]
[hously.archielite.com/agents/pansy.html]
[hously.archielite.com/storage/accounts/10-600x400.jpg]
[hously.archielite.com/agents/lura.html]
[hously.archielite.com/agents/meggie.html]
[hously.archielite.com/agents/leatha.html]
[hously.archielite.com/agents/ruthie.html]
[hously.archielite.com/storage/accounts/2-600x400.jpg]
[hously.archielite.com/agents/adrianna.html]
[hously.archielite.com/agents4658.html]
[hously.archielite.com/agents.html]
[hously.archielite.com/ajax/cities.html]
[hously.archielite.com/properties/city/berlin.html]
[hously.archielite.com/properties/city/copenhagen.html]
[hously.archielite.com/properties/lavida-plus-office-tel-1-bedroom.html]
[hously.archielite.com/properties/city/london.html]
[hously.archielite.com/properties/city/new-york.html]
[hously.archielite.com/properties/city/paris.html]
[hously.archielite.com/storage/properties/6.jpg]
[hously.archielite.com/storage/properties/2-150x150.jpg]
[hously.archielite.com/projects/rustomjee-evershine-global-city.html]
[hously.archielite.com/storage/properties/3.jpg]
[hously.archielite.com/storage/properties/5.jpg]
[hously.archielite.com/storage/properties/3-150x150.jpg]
[hously.archielite.com/projects/godrej-prime.html]
[hously.archielite.com/projects/upturn-atmiya-centria.html]
[hously.archielite.com/storage/properties/9-150x150.jpg]
[hously.archielite.com/projects/brigade-oasis.html]
[hously.archielite.com/storage/properties/1-150x150.jpg]
[hously.archielite.com/projects/sunshine-wonder-villas.html]
[hously.archielite.com/projects/diamond-island.html]
[hously.archielite.com/projects/villa-on-grand-avenue.html]
[hously.archielite.com/storage/accounts/10-150x150.jpg]
[hously.archielite.com/properties/the-sun-avenue-office-tel-1-bedroom.html]
[hously.archielite.com/storage/properties/8-150x150.jpg]
[hously.archielite.com/properties/property-for-sale-johannesburg-south-africa.html]
[hously.archielite.com/storage/properties/6-150x150.jpg]
[hously.archielite.com/storage/accounts/6-150x150.jpg]
[hously.archielite.com/agents/linda.html]
[hously.archielite.com/properties/villa-for-sale-at-bermuda-dunes.html]
[hously.archielite.com/storage/properties/10-150x150.jpg]
[hously.archielite.com/storage/accounts/3-150x150.jpg]
[hously.archielite.com/properties/walnut-park-apartment.html]
[hously.archielite.com/storage/properties/11-150x150.jpg]
[hously.archielite.com/storage/accounts/8-150x150.jpg]
[hously.archielite.com/agents/kailey.html]
[hously.archielite.com/properties/5-beds-luxury-house.html]
[hously.archielite.com/properties/family-victorian-view-home.html]
[hously.archielite.com/agents/leland.html]
[hously.archielite.com/cdn-cgi/l/email-protection.html]
[hously.archielite.com/agents/mireya.html]
[hously.archielite.com/agents/kenna.html]
[hously.archielite.com/agents/magdalen.html]
[hously.archielite.com/agents/maritza.html]
[hously.archielite.com/agents/lane.html]
[hously.archielite.com/storage/news/1.jpg]
[hously.archielite.com/news/1.jpg]
[hously.archielite.com/storage/news/9.jpg]
[hously.archielite.com/news/9.jpg]
[hously.archielite.com/storage/news/12.jpg]
[hously.archielite.com/news/12.1d6.delayed]
[hously.archielite.com/tag/apartment.html]
[hously.archielite.com/tag/condo.html]
[hously.archielite.com/tag/family-home.html]
[hously.archielite.com/news/hotel.html]
[hously.archielite.com/news/lifestyle.html]
[hously.archielite.com/news/the-secrets-of-rich-and-famous-writers.html]
[hously.archielite.com/storage/news/6-600x400.jpg]
[hously.archielite.com/news/10000-web-site-visitors-in-one-monthguaranteed.html]
[hously.archielite.com/storage/news/13-600x400.jpg]
[hously.archielite.com/news/20-ways-to-sell-your-product-faster.html]
[hously.archielite.com/storage/news/5-600x400.jpg]
[hously.archielite.com/news/a-skin-cream-thats-proven-to-work.html]
[hously.archielite.com/storage/news/9-600x400.jpg]
[hously.archielite.com/tag/new.html]
[hously.archielite.com/tag/villa.html]
[hously.archielite.com/tag/event.html]
[hously.archielite.com/news/sexy-clutches-how-to-buy-wear-a-designer-clutch-bag.html]
[hously.archielite.com/news/imagine-losing-20-pounds-in-14-days.html]
[hously.archielite.com/storage/news/7-600x400.jpg]
[hously.archielite.com/news/unlock-the-secrets-of-selling-high-ticket-items.html]
[hously.archielite.com/storage/news/14-600x400.jpg]
[hously.archielite.com/news/nature.html]
[hously.archielite.com/news/design.html]
[hously.archielite.com/storage/news/2.jpg]
[hously.archielite.com/news/2.jpg]
[hously.archielite.com/storage/news/8.jpg]
[hously.archielite.com/news/8.jpg]
[hously.archielite.com/news/are-you-still-using-that-slow-old-typewriter.html]
[hously.archielite.com/storage/news/3.jpg]
[hously.archielite.com/news/3.jpg]
[hously.archielite.com/news/used-car-dealer-sales-tricks-exposed.html]
[hously.archielite.com/news/travel-tips.html]
[hously.archielite.com/news/which-company-would-you-choose.html]
[hously.archielite.com/storage/news/3-600x400.jpg]
[hously.archielite.com/news/healthy.html]
[hously.archielite.com/news/10-reasons-to-start-your-own-profitable-website.html]
[hously.archielite.com/storage/news/10-600x400.jpg]
[hously.archielite.com/news/simple-ways-to-reduce-your-unwanted-wrinkles.html]
[hously.archielite.com/storage/news/11-600x400.jpg]
[hously.archielite.com/news/apple-imac-with-retina-5k-display-review.html]
[hously.archielite.com/storage/news/12-600x400.jpg]
[hously.archielite.com/news4658.html]
[hously.archielite.com/news.html]
[hously.archielite.com/ar/login.html]
[hously.archielite.com/ar/properties/private-estate-magnificent-views.html]
[hously.archielite.com/ar/properties/elegant-family-home-presents-premium-modern-living.html]
[hously.archielite.com/ar/properties/5-room-luxury-penthouse-for-sale-in-kuala-lumpur.html]
[hously.archielite.com/ar/home-four.html]
[hously.archielite.com/ar/property-category/apartment.html]
[hously.archielite.com/ar/property-category/house.html]
[hously.archielite.com/ar/property-category/condo.html]
[hously.archielite.com/ar/property-category/commercial-property.html]
[hously.archielite.com/ar/property-category/land.html]
[hously.archielite.com/ar/home-three.html]
[hously.archielite.com/ar/home-two.html]
[hously.archielite.com/ar/projects/ps-panache.html]
[hously.archielite.com/ar/projects/godrej-exquisite.html]
[hously.archielite.com/ar/projects/adarsh-greens.html]
[hously.archielite.com/ar/projects/home-in-merrick-way.html]
[hously.archielite.com/ar/projects/office-space-at-northwest-107th.html]
[hously.archielite.com/ar/projects/villa-on-hollywood-boulevard.html]
[hously.archielite.com/ar/projects/traditional-food-restaurant.html]
[hously.archielite.com/ar/projects4658.html]
[hously.archielite.com/ar/projects.html]
[hously.archielite.com/ar/projects/walnut-park-apartments.html]
[hously.archielite.com/ar/properties/pumpkin-key-private-island.html]
[hously.archielite.com/ar/properties/nice-apartment-for-rent-in-berlin.html]
[hously.archielite.com/ar/properties/apartment-muiderstraatweg-in-diemen.html]
[hously.archielite.com/ar/properties/osaka-heights-apartment.html]
[hously.archielite.com/ar/properties/2-floor-house-in-compound-pejaten-barat-kemang.html]
[hously.archielite.com/ar/properties/luxury-apartments-in-singapore-for-sale.html]
[hously.archielite.com/ar/properties/brand-new-1-bedroom-apartment-in-first-class-location.html]
[hously.archielite.com/ar/properties/thompson-road-house-for-rent.html]
[hously.archielite.com/ar/properties4658.html]
[hously.archielite.com/ar/properties.html]
[hously.archielite.com/ar/properties/vinhomes-grand-park-studio-1-bedroom.html]
[hously.archielite.com/ar/properties/stunning-french-inspired-manor.html]
[hously.archielite.com/ar/properties/3-beds-villa-calpe-alicante.html]
[hously.archielite.com/ar/page.html]
[hously.archielite.com/ar/pricing-plans.html]
[hously.archielite.com/ar/special.html]
[hously.archielite.com/ar/coming-soon.html]
[hously.archielite.com/ar/404.html]
[hously.archielite.com/ar/utility.html]
[hously.archielite.com/ar/terms-of-services.html]
[hously.archielite.com/ar/privacy-policy.html]
[hously.archielite.com/ar/auth-pages.html]
[hously.archielite.com/ar/register.html]
[hously.archielite.com/ar/password/request.html]
[hously.archielite.com/ar/contact.html]
[hously.archielite.com/ar/frequently-asked-questions.html]
[hously.archielite.com/ar/features.html]
[hously.archielite.com/ar/about-us.html]
[hously.archielite.com/ar/wishlist.html]
[hously.archielite.com/ar/agents/broderick.html]
[hously.archielite.com/ar/agents/dangelo.html]
[hously.archielite.com/ar/agents/corrine.html]
[hously.archielite.com/ar/agents/pansy.html]
[hously.archielite.com/ar/agents/lura.html]
[hously.archielite.com/ar/agents/meggie.html]
[hously.archielite.com/ar/agents/leatha.html]
[hously.archielite.com/ar/agents/ruthie.html]
[hously.archielite.com/ar/agents/adrianna.html]
[hously.archielite.com/ar/agents4658.html]
[hously.archielite.com/ar/agents.html]
[hously.archielite.com/ar/ajax/cities.html]
[hously.archielite.com/ar/properties/city/berlin.html]
[hously.archielite.com/ar/properties/city/copenhagen.html]
[hously.archielite.com/ar/properties/lavida-plus-office-tel-1-bedroom.html]
[hously.archielite.com/ar/properties/city/london.html]
[hously.archielite.com/ar/properties/city/new-york.html]
[hously.archielite.com/ar/properties/city/paris.html]
[hously.archielite.com/ar/projects/rustomjee-evershine-global-city.html]
[hously.archielite.com/ar/projects/godrej-prime.html]
[hously.archielite.com/ar/projects/upturn-atmiya-centria.html]
[hously.archielite.com/ar/projects/brigade-oasis.html]
[hously.archielite.com/ar/projects/sunshine-wonder-villas.html]
[hously.archielite.com/ar/projects/diamond-island.html]
[hously.archielite.com/ar/projects/villa-on-grand-avenue.html]
[hously.archielite.com/ar/properties/the-sun-avenue-office-tel-1-bedroom.html]
[hously.archielite.com/ar/properties/property-for-sale-johannesburg-south-africa.html]
[hously.archielite.com/ar/agents/linda.html]
[hously.archielite.com/ar/properties/villa-for-sale-at-bermuda-dunes.html]
[hously.archielite.com/ar/properties/walnut-park-apartment.html]
[hously.archielite.com/ar/agents/kailey.html]
[hously.archielite.com/ar/properties/5-beds-luxury-house.html]
[hously.archielite.com/ar/properties/family-victorian-view-home.html]
[hously.archielite.com/ar/agents/leland.html]
[hously.archielite.com/ar/agents/mireya.html]
[hously.archielite.com/ar/agents/kenna.html]
[hously.archielite.com/ar/agents/magdalen.html]
[hously.archielite.com/ar/agents/maritza.html]
[hously.archielite.com/ar/agents/lane.html]
[hously.archielite.com/ar/news/1.jpg]
[hously.archielite.com/ar/news/9.jpg]
[hously.archielite.com/ar/news/12.jpg]
[hously.archielite.com/ar/tag/apartment.html]
[hously.archielite.com/ar/tag/condo.html]
[hously.archielite.com/ar/tag/family-home.html]
[hously.archielite.com/ar/news/hotel.html]
[hously.archielite.com/ar/news/lifestyle.html]
[hously.archielite.com/ar/news/the-secrets-of-rich-and-famous-writers.html]
[hously.archielite.com/ar/news/10000-web-site-visitors-in-one-monthguaranteed.html]
[hously.archielite.com/ar/news/20-ways-to-sell-your-product-faster.html]
[hously.archielite.com/ar/news/a-skin-cream-thats-proven-to-work.html]
[hously.archielite.com/ar/tag/new.html]
[hously.archielite.com/ar/tag/villa.html]
[hously.archielite.com/ar/tag/event.html]
[hously.archielite.com/ar/news/sexy-clutches-how-to-buy-wear-a-designer-clutch-bag.html]
[hously.archielite.com/ar/news/imagine-losing-20-pounds-in-14-days.html]
[hously.archielite.com/ar/news/unlock-the-secrets-of-selling-high-ticket-items.html]
[hously.archielite.com/ar/news/nature.html]
[hously.archielite.com/ar/news/design.html]
[hously.archielite.com/ar/news/2.jpg]
[hously.archielite.com/ar/news/8.jpg]
[hously.archielite.com/ar/news/are-you-still-using-that-slow-old-typewriter.html]
[hously.archielite.com/ar/news/3.jpg]
[hously.archielite.com/storage/ news/8.jpg]
[hously.archielite.com/ar/news/used-car-dealer-sales-tricks-exposed.html]
[hously.archielite.com/ar/news/travel-tips.html]
[hously.archielite.com/ar/news/which-company-would-you-choose.html]
[hously.archielite.com/ar/news/healthy.html]
[hously.archielite.com/ar/news/10-reasons-to-start-your-own-profitable-website.html]
[hously.archielite.com/ar/news/simple-ways-to-reduce-your-unwanted-wrinkles.html]
[hously.archielite.com/ar/news/apple-imac-with-retina-5k-display-review.html]
[hously.archielite.com/ar/news4658.html]
[hously.archielite.com/ar/news.html]
[hously.archielite.com/projects/the-metropole-thu-thiem.html]
[hously.archielite.com/storage/accounts/4-150x150.jpg]
[hously.archielite.com/properties/private-estate-magnificent-views.html]
[hously.archielite.com/properties/elegant-family-home-presents-premium-modern-living.html]
[hously.archielite.com/storage/properties/5-150x150.jpg]
[hously.archielite.com/storage/accounts/2-150x150.jpg]
[hously.archielite.com/properties/5-room-luxury-penthouse-for-sale-in-kuala-lumpur.html]
[facebook.com/index.html]
[www.w3.org/index.html]
[linkedin.com/index.html]
[instagram.com/index.html]
[hously.archielite.com/property-category/apartment.html]
[hously.archielite.com/property-category/house.html]
[hously.archielite.com/property-category/condo4658.html]
[hously.archielite.com/property-category/condo.html]
[hously.archielite.com/property-category/commercial-property4658.html]
[hously.archielite.com/property-category/commercial-property.html]
[hously.archielite.com/property-category/land.html]
[www.amazon.com/index.html]
[google.com/index.html]
[www.lenovo.com/index.html]
[paypal.com/index.html]
[shopify.com/index.html]
[spotify.com/index.html]
[hously.archielite.com/projects/ps-panache.html]
[hously.archielite.com/projects/godrej-exquisite.html]
[hously.archielite.com/projects/adarsh-greens.html]
[hously.archielite.com/projects/home-in-merrick-way.html]
[hously.archielite.com/projects/office-space-at-northwest-107th.html]
[hously.archielite.com/storage/properties/12-150x150.jpg]
[hously.archielite.com/projects/villa-on-hollywood-boulevard.html]
[hously.archielite.com/projects/traditional-food-restaurant.html]
[hously.archielite.com/projects/vinhomes-grand-park.html]
[hously.archielite.com/projects/the-nassim.html]
[hously.archielite.com/projects2679.html]
[hously.archielite.com/projects4658.html]
[x.com/index.html]
[pinterest.com/index.html]
[api.whatsapp.com/index.html]
[hously.archielite.com/properties/pumpkin-key-private-island.html]
[hously.archielite.com/properties/nice-apartment-for-rent-in-berlin.html]
[hously.archielite.com/storage/accounts/5-150x150.jpg]
[hously.archielite.com/properties/apartment-muiderstraatweg-in-diemen.html]
[hously.archielite.com/properties/osaka-heights-apartment.html]
[hously.archielite.com/properties/2-floor-house-in-compound-pejaten-barat-kemang.html]
[hously.archielite.com/properties/luxury-apartments-in-singapore-for-sale.html]
[hously.archielite.com/agents/kristian.html]
[hously.archielite.com/properties/brand-new-1-bedroom-apartment-in-first-class-location.html]
[hously.archielite.com/properties/thompson-road-house-for-rent.html]
[hously.archielite.com/properties2679.html]
[hously.archielite.com/properties4658.html]
[wa.me/index.html]
[hously.archielite.com/storage/properties/4-150x150.jpg]
[hously.archielite.com/properties/vinhomes-grand-park-studio-1-bedroom.html]
[hously.archielite.com/agents/reid.html]
[hously.archielite.com/properties/stunning-french-inspired-manor.html]
[hously.archielite.com/agents/broderick.html]
[hously.archielite.com/agents/dangelo.html]
[hously.archielite.com/agents/corrine.html]
[hously.archielite.com/agents/pansy.html]
[hously.archielite.com/agents/lura.html]
[hously.archielite.com/agents/meggie.html]
[hously.archielite.com/agents/leatha.html]
[hously.archielite.com/agents/ruthie.html]
[hously.archielite.com/agents/adrianna.html]
[hously.archielite.com/agents/lesly.html]
[hously.archielite.com/agents/paige.html]
[hously.archielite.com/storage/accounts/8-600x400.jpg]
[hously.archielite.com/agents2679.html]
[hously.archielite.com/agents4658.html]
[hously.archielite.com/properties/lavida-plus-office-tel-1-bedroom.html]
[hously.archielite.com/projects/villa-on-grand-avenue.html]
[hously.archielite.com/agents/linda.html]
[hously.archielite.com/agents/kailey.html]
[www.youtube.com/index.html]
[twitter.com/index.html]
[hously.archielite.com/news/4-expert-tips-on-how-to-choose-the-right-mens-wallet.html]
[hously.archielite.com/storage/news/15-600x400.jpg]
[hously.archielite.com/news/top-search-engine-optimization-strategies.html]
[hously.archielite.com/storage/news/2-600x400.jpg]
[hously.archielite.com/tag/apartment.html]
[hously.archielite.com/tag/condo.html]
[hously.archielite.com/tag/family-home.html]
[hously.archielite.com/news/hotel.html]
[hously.archielite.com/news/lifestyle.html]
[hously.archielite.com/storage/news/7.jpg]
[hously.archielite.com/news/7.jpg]
[hously.archielite.com/storage/news/11.jpg]
[hously.archielite.com/news/11.jpg]
[hously.archielite.com/news/the-secrets-of-rich-and-famous-writers.html]
[hously.archielite.com/storage/news/4.jpg]
[hously.archielite.com/news/4.jpg]
[hously.archielite.com/storage/news/10.jpg]
[hously.archielite.com/news/10.jpg]
[hously.archielite.com/tag/luxury-villa.html]
[hously.archielite.com/news/10000-web-site-visitors-in-one-monthguaranteed.html]
[hously.archielite.com/storage/news/6.jpg]
[hously.archielite.com/news/6.jpg]
[hously.archielite.com/storage/news/14.jpg]
[hously.archielite.com/news/14.jpg]
[hously.archielite.com/news/20-ways-to-sell-your-product-faster.html]
[hously.archielite.com/news/a-skin-cream-thats-proven-to-work.html]
[hously.archielite.com/news/the-top-2020-handbag-trends-to-know.html]
[hously.archielite.com/storage/news/1-600x400.jpg]
[hously.archielite.com/tag/new.html]
[hously.archielite.com/tag/villa.html]
[hously.archielite.com/tag/event.html]
[hously.archielite.com/storage/news/5.jpg]
[hously.archielite.com/news/5.jpg]
[hously.archielite.com/news/imagine-losing-20-pounds-in-14-days.html]
[hously.archielite.com/news/unlock-the-secrets-of-selling-high-ticket-items.html]
[hously.archielite.com/news/nature.html]
[hously.archielite.com/news/which-company-would-you-choose.html]
[hously.archielite.com/news/healthy.html]
[hously.archielite.com/news/10-reasons-to-start-your-own-profitable-website.html]
[hously.archielite.com/news/simple-ways-to-reduce-your-unwanted-wrinkles.html]
[hously.archielite.com/news/apple-imac-with-retina-5k-display-review.html]
[hously.archielite.com/news2679.html]
[hously.archielite.com/news4658.html]
[hously.archielite.com/ar/projects/the-metropole-thu-thiem.html]
[hously.archielite.com/ar/properties/private-estate-magnificent-views.html]
[hously.archielite.com/ar/properties/elegant-family-home-presents-premium-modern-living.html]
[hously.archielite.com/ar/properties/5-room-luxury-penthouse-for-sale-in-kuala-lumpur.html]
[hously.archielite.com/ar/property-category/apartment.html]
[hously.archielite.com/ar/property-category/house.html]
[hously.archielite.com/ar/property-category/condo4658.html]
[hously.archielite.com/ar/property-category/condo.html]
[hously.archielite.com/ar/property-category/commercial-property4658.html]
[hously.archielite.com/ar/property-category/commercial-property.html]
[hously.archielite.com/ar/property-category/land.html]
[hously.archielite.com/ar/projects/ps-panache.html]
[hously.archielite.com/ar/projects/godrej-exquisite.html]
[hously.archielite.com/ar/projects/adarsh-greens.html]
[hously.archielite.com/ar/projects/home-in-merrick-way.html]
[hously.archielite.com/ar/projects/office-space-at-northwest-107th.html]
[hously.archielite.com/ar/projects/villa-on-hollywood-boulevard.html]
[hously.archielite.com/ar/projects/traditional-food-restaurant.html]
[hously.archielite.com/ar/projects/vinhomes-grand-park.html]
[hously.archielite.com/ar/projects/the-nassim.html]
[hously.archielite.com/ar/projects2679.html]
[hously.archielite.com/ar/projects4658.html]
[hously.archielite.com/ar/properties/pumpkin-key-private-island.html]
[hously.archielite.com/ar/properties/nice-apartment-for-rent-in-berlin.html]
[hously.archielite.com/ar/properties/apartment-muiderstraatweg-in-diemen.html]
[hously.archielite.com/ar/properties/osaka-heights-apartment.html]
[hously.archielite.com/ar/properties/2-floor-house-in-compound-pejaten-barat-kemang.html]
[hously.archielite.com/ar/properties/luxury-apartments-in-singapore-for-sale.html]
[hously.archielite.com/ar/agents/kristian.html]
[hously.archielite.com/ar/properties/brand-new-1-bedroom-apartment-in-first-class-location.html]
[hously.archielite.com/ar/properties/thompson-road-house-for-rent.html]
[hously.archielite.com/ar/properties2679.html]
[hously.archielite.com/ar/properties4658.html]
[hously.archielite.com/ar/properties/vinhomes-grand-park-studio-1-bedroom.html]
[hously.archielite.com/ar/agents/reid.html]
[hously.archielite.com/ar/properties/stunning-french-inspired-manor.html]
[hously.archielite.com/ar/agents/broderick.html]
[hously.archielite.com/ar/agents/dangelo.html]
[hously.archielite.com/ar/agents/corrine.html]
[hously.archielite.com/ar/agents/pansy.html]
[hously.archielite.com/ar/agents/lura.html]
[hously.archielite.com/ar/agents/meggie.html]
[hously.archielite.com/ar/agents/leatha.html]
[hously.archielite.com/ar/agents/ruthie.html]
[hously.archielite.com/ar/agents/adrianna.html]
[hously.archielite.com/ar/agents/lesly.html]
[hously.archielite.com/ar/agents/paige.html]
[hously.archielite.com/ar/agents2679.html]
[hously.archielite.com/ar/agents4658.html]
[hously.archielite.com/ar/properties/lavida-plus-office-tel-1-bedroom.html]
[hously.archielite.com/ar/projects/villa-on-grand-avenue.html]
[hously.archielite.com/ar/agents/linda.html]
[hously.archielite.com/ar/agents/kailey.html]
[hously.archielite.com/ar/news/4-expert-tips-on-how-to-choose-the-right-mens-wallet.html]
[hously.archielite.com/ar/news/top-search-engine-optimization-strategies.html]
[hously.archielite.com/ar/tag/apartment.html]
[hously.archielite.com/ar/tag/condo.html]
[hously.archielite.com/ar/tag/family-home.html]
[hously.archielite.com/ar/news/hotel.html]
[hously.archielite.com/ar/news/lifestyle.html]
[hously.archielite.com/ar/news/7.jpg]
[hously.archielite.com/ar/news/11.jpg]
[hously.archielite.com/ar/news/the-secrets-of-rich-and-famous-writers.html]
[hously.archielite.com/storage/news/4. jpg]
[hously.archielite.com/storage/news/ 10.jpg]
[hously.archielite.com/ar/news/10.jpg]
[hously.archielite.com/ar/tag/luxury-villa.html]
[hously.archielite.com/ar/news/10000-web-site-visitors-in-one-monthguaranteed.html]
[hously.archielite.com/ar/news/6.jpg]
[hously.archielite.com/ar/news/14.jpg]
[hously.archielite.com/ar/news/20-ways-to-sell-your-product-faster.html]
[hously.archielite.com/ar/news/a-skin-cream-thats-proven-to-work.html]
[hously.archielite.com/ar/tag/new.html]
[hously.archielite.com/ar/news/the-top-2020-handbag-trends-to-know.html]
[hously.archielite.com/ar/tag/villa.html]
[hously.archielite.com/ar/tag/event.html]
[hously.archielite.com/ar/news/5.jpg]
[hously.archielite.com/ar/news/imagine-losing-20-pounds-in-14-days.html]
[hously.archielite.com/storage/ news/3.jpg]
[hously.archielite.com/ar/news/unlock-the-secrets-of-selling-high-ticket-items.html]
[hously.archielite.com/ar/news/nature.html]
[hously.archielite.com/ar/news/4.jpg]
[hously.archielite.com/ar/news/which-company-would-you-choose.html]
[hously.archielite.com/ar/news/healthy.html]
[hously.archielite.com/ar/news/10-reasons-to-start-your-own-profitable-website.html]
[hously.archielite.com/storage/news/12. jpg]
[hously.archielite.com/ar/news/simple-ways-to-reduce-your-unwanted-wrinkles.html]
[hously.archielite.com/ تخزين/أخبار/3.jpg]
[hously.archielite.com/ar/news/apple-imac-with-retina-5k-display-review.html]
[hously.archielite.com/ar/news4658.html]
[hously.archielite.com/ar/news2679.html]
[hously.archielite.com/projects/the-metropole-thu-thiem.html]
[hously.archielite.com/property-category/condo4658.html]
[hously.archielite.com/property-category/condo2679.html]
[hously.archielite.com/property-category/commercial-property4658.html]
[hously.archielite.com/property-category/commercial-property2679.html]
[hously.archielite.com/projects/vinhomes-grand-park.html]
[hously.archielite.com/projects/the-nassim.html]
[hously.archielite.com/projects2679.html]
[hously.archielite.com/agents/kristian.html]
[hously.archielite.com/properties2679.html]
[hously.archielite.com/agents/reid.html]
[hously.archielite.com/agents/lesly.html]
[hously.archielite.com/agents/paige.html]
[hously.archielite.com/agents2679.html]
[hously.archielite.com/news/4-expert-tips-on-how-to-choose-the-right-mens-wallet.html]
[hously.archielite.com/news/top-search-engine-optimization-strategies.html]
[hously.archielite.com/tag/luxury-villa.html]
[hously.archielite.com/storage/news/13.jpg]
[hously.archielite.com/news/13.jpg]
[hously.archielite.com/news/the-top-2020-handbag-trends-to-know.html]
[hously.archielite.com/news2679.html]
[hously.archielite.com/ar/projects/the-metropole-thu-thiem.html]
[hously.archielite.com/ar/property-category/condo4658.html]
[hously.archielite.com/ar/property-category/condo2679.html]
[hously.archielite.com/ar/property-category/commercial-property4658.html]
[hously.archielite.com/ar/property-category/commercial-property2679.html]
[hously.archielite.com/ar/projects/vinhomes-grand-park.html]
[hously.archielite.com/ar/projects/the-nassim.html]
[hously.archielite.com/ar/projects2679.html]
[hously.archielite.com/ar/agents/kristian.html]
[hously.archielite.com/ar/properties2679.html]
[hously.archielite.com/ar/agents/reid.html]
[hously.archielite.com/ar/agents/lesly.html]
[hously.archielite.com/ar/agents/paige.html]
[hously.archielite.com/ar/agents2679.html]
[hously.archielite.com/ar/news/4-expert-tips-on-how-to-choose-the-right-mens-wallet.html]
[hously.archielite.com/storage/ news/6.jpg]
[hously.archielite.com/ar/news/top-search-engine-optimization-strategies.html]
[hously.archielite.com/storage/news/4.html]
[hously.archielite.com/ar/tag/luxury-villa.html]
[hously.archielite.com/ar/news/13.jpg]
[hously.archielite.com/ar/news/the-top-2020-handbag-trends-to-know.html]
[hously.archielite.com/storage/news/12.html]
[hously.archielite.com/ar/news2679.html]
[hously.archielite.com/property-category/condo2679.html]
[hously.archielite.com/property-category/commercial-property2679.html]
[hously.archielite.com/ar/property-category/condo2679.html]
[hously.archielite.com/ar/property-category/commercial-property2679.html]
[schema.org/index.html]
[hously.archielite.com/storage/general/favicon.png]
[hously.archielite.com/vendor/core/plugins/language/css/language-publicd1f1.css]
[hously.archielite.com/storage/general/logo-dark.png]
[hously.archielite.com/vendor/core/plugins/cookie-consent/css/cookie-consent0ff5.css]
[hously.archielite.com/storage/general/about.jpg]
[hously.archielite.com/vendor/core/core/base/libraries/ckeditor/content-styles.css]
[hously.archielite.com/storage/cities/location-4-600x400.jpg]
[hously.archielite.com/themes/hously/plugins/tobii/css/tobii.min.css]
[hously.archielite.com/feed/posts]
[hously.archielite.com/ar/feed/posts]
[hously.archielite.com/themes/hously/plugins/choices.js/css/choices.min.css]
[hously.archielite.com/storage/cities/location-2-600x400.jpg]
[hously.archielite.com/storage/cities/location-5-600x400.jpg]
[hously.archielite.com/storage/cities/location-3-600x400.jpg]
[hously.archielite.com/storage/cities/location-1-600x400.jpg]
[hously.archielite.com/storage/properties/9-600x400.jpg]
[hously.archielite.com/storage/properties/3-600x400.jpg]
[hously.archielite.com/storage/properties/2-600x400.jpg]
[hously.archielite.com/storage/properties/1-600x400.jpg]
[hously.archielite.com/storage/properties/7-600x400.jpg]
[hously.archielite.com/themes/hously/fonts/materialdesignicons-webfont3ba9.eot]
[hously.archielite.com/themes/hously/fonts/materialdesignicons-webfont3ba9.woff2]
[hously.archielite.com/themes/hously/fonts/materialdesignicons-webfontd41d.eot]
[hously.archielite.com/storage/properties/6-600x400.jpg]
[hously.archielite.com/storage/properties/8-600x400.jpg]
[hously.archielite.com/themes/hously/fonts/materialdesignicons-webfont3ba9.woff]
[hously.archielite.com/storage/clients/01.jpg]
[hously.archielite.com/storage/properties/11-600x400.jpg]
[hously.archielite.com/storage/properties/10-600x400.jpg]
[hously.archielite.com/themes/hously/fonts/materialdesignicons-webfont3ba9.ttf]
[hously.archielite.com/themes/hously/css/icons.css]
[hously.archielite.com/storage/clients/02.jpg]
[hously.archielite.com/storage/clients/03.jpg]
[hously.archielite.com/storage/clients/04.jpg]
[hously.archielite.com/storage/clients/05.jpg]
[hously.archielite.com/themes/hously/css/style7c12.css]
[hously.archielite.com/storage/clients/06.jpg]
[hously.archielite.com/storage/accounts/6-600x400.jpg]
[hously.archielite.com/themes/hously/plugins/tiny-slider/tiny-slider.css]
[hously.archielite.com/storage/accounts/5-600x400.jpg]
[hously.archielite.com/storage/accounts/9-600x400.jpg]
[hously.archielite.com/storage/accounts/3-600x400.jpg]
[hously.archielite.com/vendor/core/core/base/img/flags/us.svg]
[hously.archielite.com/storage/accounts/1-600x400.jpg]
[hously.archielite.com/vendor/core/core/base/img/flags/sa.svg]
[hously.archielite.com/storage/news/8-600x400.jpg]
[hously.archielite.com/storage/news/16-600x400.jpg]
[hously.archielite.com/themes/hously/plugins/choices.js/js/choices.min.js]
[hously.archielite.com/themes/hously/plugins/jquery/jquery.min.js]
[hously.archielite.com/storage/news/4-600x400.jpg]
[hously.archielite.com/themes/hously/plugins/particles.js/particles.js]
[hously.archielite.com/storage/backgrounds/01.jpg]
[hously.archielite.com/storage/backgrounds/hero.jpg]
[hously.archielite.com/storage/properties/5-600x400.jpg]
[hously.archielite.com/storage/backgrounds/map.png]
[hously.archielite.com/storage/accounts/2-600x600.jpg]
[hously.archielite.com/storage/accounts/9-600x600.jpg]
[hously.archielite.com/storage/accounts/6-600x600.jpg]
[hously.archielite.com/properties/city/berlin.html]
[hously.archielite.com/themes/hously/plugins/leaflet/leaflet.js]
[hously.archielite.com/storage/accounts/4-600x600.jpg]
[hously.archielite.com/themes/hously/plugins/leaflet/leaflet.markercluster-src.js]
[hously.archielite.com/storage/clients/google.png]
[hously.archielite.com/storage/clients/amazon.png]
[hously.archielite.com/storage/clients/lenovo.png]
[hously.archielite.com/storage/clients/shopify.png]
[hously.archielite.com/storage/clients/paypal.png]
[hously.archielite.com/storage/clients/spotify.png]
[hously.archielite.com/storage/properties/12-600x400.jpg]
[hously.archielite.com/themes/hously/js/filter.js]
[hously.archielite.com/storage/properties/9.jpg]
[hously.archielite.com/storage/properties/7.jpg]
[hously.archielite.com/storage/properties/4.jpg]
[hously.archielite.com/storage/properties/11.jpg]
[hously.archielite.com/storage/properties/12.jpg]
[hously.archielite.com/storage/properties/10.jpg]
[hously.archielite.com/properties/city/copenhagen.html]
[hously.archielite.com/storage/properties/8.jpg]
[hously.archielite.com/storage/properties/2.jpg]
[hously.archielite.com/storage/properties/1.jpg]
[hously.archielite.com/storage/accounts/1-150x150.jpg]
[hously.archielite.com/storage/properties/4-600x400.jpg]
[hously.archielite.com/vendor/core/plugins/contact/js/contact-publice209.js]
[hously.archielite.com/storage/accounts/4-600x400.jpg]
[hously.archielite.com/themes/hously/plugins/gumshoejs/gumshoe.polyfills.min.js]
[hously.archielite.com/storage/accounts/10-600x400.jpg]
[hously.archielite.com/storage/properties/6.jpg]
[hously.archielite.com/storage/accounts/2-600x400.jpg]
[hously.archielite.com/storage/properties/2-150x150.jpg]
[hously.archielite.com/storage/properties/9-150x150.jpg]
[hously.archielite.com/storage/properties/3-150x150.jpg]
[hously.archielite.com/storage/properties/3.jpg]
[hously.archielite.com/storage/properties/1-150x150.jpg]
[hously.archielite.com/storage/properties/5.jpg]
[hously.archielite.com/storage/accounts/10-150x150.jpg]
[hously.archielite.com/storage/accounts/6-150x150.jpg]
[hously.archielite.com/properties/city/london.html]
[hously.archielite.com/storage/properties/8-150x150.jpg]
[hously.archielite.com/storage/properties/10-150x150.jpg]
[hously.archielite.com/storage/properties/6-150x150.jpg]
[hously.archielite.com/storage/news/1.jpg]
[hously.archielite.com/storage/properties/11-150x150.jpg]
[hously.archielite.com/storage/news/9.jpg]
[hously.archielite.com/storage/news/12.jpg]
[hously.archielite.com/storage/news/6-600x400.jpg]
[hously.archielite.com/storage/news/13-600x400.jpg]
[hously.archielite.com/storage/news/5-600x400.jpg]
[hously.archielite.com/storage/news/9-600x400.jpg]
[hously.archielite.com/storage/news/7-600x400.jpg]
[hously.archielite.com/storage/news/14-600x400.jpg]
[hously.archielite.com/storage/news/2.jpg]
[hously.archielite.com/storage/news/8.jpg]
[hously.archielite.com/storage/news/3.jpg]
[hously.archielite.com/storage/news/12-600x400.jpg]
[hously.archielite.com/storage/news/3-600x400.jpg]
[hously.archielite.com/storage/news/11-600x400.jpg]
[hously.archielite.com/properties/city/new-york.html]
[hously.archielite.com/storage/news/10-600x400.jpg]
[hously.archielite.com/storage/properties/5-150x150.jpg]
[hously.archielite.com/storage/accounts/4-150x150.jpg]
[hously.archielite.com/storage/accounts/5-150x150.jpg]
[hously.archielite.com/storage/properties/12-150x150.jpg]
[hously.archielite.com/storage/properties/4-150x150.jpg]
[hously.archielite.com/storage/news/15-600x400.jpg]
[hously.archielite.com/storage/accounts/8-600x400.jpg]
[hously.archielite.com/storage/news/2-600x400.jpg]
[hously.archielite.com/storage/news/11.jpg]
[hously.archielite.com/storage/news/7.jpg]
[hously.archielite.com/storage/news/4.jpg]
[hously.archielite.com/storage/news/10.jpg]
[hously.archielite.com/storage/news/6.jpg]
[hously.archielite.com/storage/news/5.jpg]
[hously.archielite.com/storage/news/1-600x400.jpg]
[hously.archielite.com/storage/news/14.jpg]
[hously.archielite.com/themes/hously/fonts/materialdesignicons-webfontd41d.eot]
[hously.archielite.com/themes/hously/fonts/materialdesignicons-webfont3ba9.woff2]
[hously.archielite.com/themes/hously/fonts/materialdesignicons-webfont3ba9.eot]
[hously.archielite.com/properties/city/paris.html]
[hously.archielite.com/storage/news/13.jpg]
[hously.archielite.com/themes/hously/fonts/materialdesignicons-webfont3ba9.woff]
[hously.archielite.com/themes/hously/fonts/materialdesignicons-webfont3ba9.ttf]
[hously.archielite.com/projects/rustomjee-evershine-global-city.html]
[hously.archielite.com/projects/godrej-prime.html]
[hously.archielite.com/projects/upturn-atmiya-centria.html]
[hously.archielite.com/projects/sunshine-wonder-villas.html]
[hously.archielite.com/projects/diamond-island.html]
[hously.archielite.com/properties/property-for-sale-johannesburg-south-africa.html]
[hously.archielite.com/properties/villa-for-sale-at-bermuda-dunes.html]
[hously.archielite.com/properties/walnut-park-apartment.html]
[hously.archielite.com/properties/5-beds-luxury-house.html]
[hously.archielite.com/properties/family-victorian-view-home.html]
[hously.archielite.com/agents/leland.html]
[hously.archielite.com/cdn-cgi/l/email-protection.html]
[hously.archielite.com/agents/kenna.html]
[hously.archielite.com/agents/magdalen.html]
[hously.archielite.com/agents/maritza.html]
[hously.archielite.com/agents/lane.html]
[hously.archielite.com/news/design.html]
[hously.archielite.com/news/used-car-dealer-sales-tricks-exposed.html]
[hously.archielite.com/news/travel-tips.html]
[hously.archielite.com/vendor/core/plugins/real-estate/css/front-auth.css]
[hously.archielite.com/properties/private-estate-magnificent-views.html]
[facebook.com/index.html]
[www.w3.org/index.html]
[linkedin.com/index.html]
[instagram.com/index.html]
[hously.archielite.com/themes/hously/plugins/leaflet/images/layers.png]
[hously.archielite.com/themes/hously/plugins/leaflet/images/layers-2x.png]
[hously.archielite.com/themes/hously/plugins/leaflet/leaflet.css]
[hously.archielite.com/themes/hously/plugins/leaflet/images/marker-icon.png]
[hously.archielite.com/property-category/apartment.html]
[www.amazon.com/index.html]
[google.com/index.html]
[www.lenovo.com/index.html]
[paypal.com/index.html]
[shopify.com/index.html]
[spotify.com/index.html]
[hously.archielite.com/themes/hously/css/style.css]
[hously.archielite.com/projects/traditional-food-restaurant.html]
[x.com/index.html]
[pinterest.com/index.html]
[hously.archielite.com/vendor/core/plugins/real-estate/libraries/star-rating/images/star-empty.svg]
[hously.archielite.com/vendor/core/plugins/real-estate/libraries/star-rating/images/star-full.svg]
[hously.archielite.com/vendor/core/plugins/real-estate/libraries/star-rating/star-rating.min.css]
[wa.me/index.html]
[hously.archielite.com/properties/vinhomes-grand-park-studio-1-bedroom.html]
[hously.archielite.com/properties/stunning-french-inspired-manor.html]
[hously.archielite.com/vendor/core/plugins/contact/css/contact-publice209.css]
[hously.archielite.com/themes/hously/images/svg/contact.svg]
[hously.archielite.com/agents/broderick.html]
[hously.archielite.com/agents/corrine.html]
[hously.archielite.com/agents/lura.html]
[hously.archielite.com/agents/adrianna.html]
[hously.archielite.com/projects/villa-on-grand-avenue.html]
[hously.archielite.com/agents/linda.html]
[www.youtube.com/index.html]
[twitter.com/index.html]
[hously.archielite.com/news/1.html]
[hously.archielite.com/news/9.html]
[hously.archielite.com/news/12.html]
[hously.archielite.com/news/10000-web-site-visitors-in-one-monthguaranteed.html]
[hously.archielite.com/news/20-ways-to-sell-your-product-faster.html]
[hously.archielite.com/news/a-skin-cream-thats-proven-to-work.html]
[hously.archielite.com/tag/new.html]
[hously.archielite.com/news/unlock-the-secrets-of-selling-high-ticket-items.html]
[hously.archielite.com/news/nature.html]
[hously.archielite.com/news/2.html]
[hously.archielite.com/news/8.html]
[hously.archielite.com/news/3.html]
[hously.archielite.com/news/healthy.html]
[hously.archielite.com/news/simple-ways-to-reduce-your-unwanted-wrinkles.html]
[hously.archielite.com/news/apple-imac-with-retina-5k-display-review.html]
[hously.archielite.com/news4658.html]
[hously.archielite.com/ar/news/1.html]
[hously.archielite.com/ar/news/9.html]
[hously.archielite.com/ar/news/12.html]
[hously.archielite.com/ar/news/2.html]
[hously.archielite.com/ar/news/8.html]
[hously.archielite.com/ar/news/3.html]
[hously.archielite.com/storage/ news/8.html]
[hously.archielite.com/projects/vinhomes-grand-park.html]
[hously.archielite.com/agents/kristian.html]
[hously.archielite.com/agents/reid.html]
[hously.archielite.com/agents2679.html]
[hously.archielite.com/news/top-search-engine-optimization-strategies.html]
[hously.archielite.com/news/7.html]
[hously.archielite.com/news/11.html]
[hously.archielite.com/news/4.html]
[hously.archielite.com/news/10.html]
[hously.archielite.com/news/6.html]
[hously.archielite.com/news/14.html]
[hously.archielite.com/news/5.html]
[hously.archielite.com/ar/news/7.html]
[hously.archielite.com/ar/news/11.html]
[hously.archielite.com/storage/news/ 10.html]
[hously.archielite.com/ar/news/10.html]
[hously.archielite.com/ar/news/6.html]
[hously.archielite.com/ar/news/14.html]
[hously.archielite.com/ar/news/5.html]
[hously.archielite.com/storage/ news/3.html]
[hously.archielite.com/ar/news/4.html]
[hously.archielite.com/ تخزين/أخبار/3.html]
[hously.archielite.com/news/13.html]
[hously.archielite.com/storage/ news/6.html]
[hously.archielite.com/ar/news/13.html]
[hously.archielite.com/vendor/core/plugins/real-estate/libraries/star-rating/images/star-empty.svg]
[hously.archielite.com/vendor/core/plugins/real-estate/libraries/star-rating/images/star-full.svg]
